../Core/Src/main.c:110:5:main	8	static
../Core/Src/main.c:168:6:SystemClock_Config	88	static
../Core/Src/main.c:215:13:MX_LPUART1_UART_Init	8	static
../Core/Src/main.c:262:13:MX_TIM1_Init	120	static
../Core/Src/main.c:352:13:MX_GPIO_Init	48	static
../Core/Src/main.c:405:6:BLDC_state	8	static
../Core/Src/main.c:434:6:AH_BL	8	static
../Core/Src/main.c:449:6:AH_CL	8	static
../Core/Src/main.c:464:6:BH_CL	8	static
../Core/Src/main.c:479:6:BH_AL	8	static
../Core/Src/main.c:494:6:CH_AL	8	static
../Core/Src/main.c:509:6:CH_BL	8	static
../Core/Src/main.c:525:6:A_Rising	8	static
../Core/Src/main.c:535:6:A_Falling	8	static
../Core/Src/main.c:545:6:B_Rising	8	static
../Core/Src/main.c:555:6:B_Falling	8	static
../Core/Src/main.c:565:6:C_Rising	8	static
../Core/Src/main.c:575:6:C_Falling	8	static
../Core/Src/main.c:634:10:PWM_setLimit	16	static
../Core/Src/main.c:640:6:BLDC_startBEMF	8	static
../Core/Src/main.c:651:6:HAL_GPIO_EXTI_Callback	24	static
../Core/Src/main.c:707:6:Error_Handler	4	static,ignoring_inline_asm
